[2026-07-30 03:07:41,360] 64a6028ee20c/INFO/locust.main: Starting Locust 2.32.4
[2026-07-30 03:07:41,360] 64a6028ee20c/WARNING/locust.main: --run-time, --users or --spawn-rate have no impact on LoadShapes unless the shape class explicitly reads them. See: docs.locust.io/en/stable/custom-load-shape.html#use-common-options
[2026-07-30 03:07:41,360] 64a6028ee20c/WARNING/locust.main: The following option(s) will be ignored: --run-time
[2026-07-30 03:07:41,361] 64a6028ee20c/INFO/locust.main: Starting web interface at http://0.0.0.0:8090
[2026-07-30 03:07:41,366] 64a6028ee20c/INFO/locust.runners: Shape test starting.
[2026-07-30 03:07:41,373] 64a6028ee20c/INFO/locust.runners: Shape worker starting
[2026-07-30 03:07:41,373] 64a6028ee20c/INFO/locust.runners: Shape test updating to 1 users at 1.00 spawn rate
[warmup] S1 ok
[warmup] S2 ok
[warmup] S3 ok
[2026-07-30 03:07:47,505] 64a6028ee20c/INFO/locust.runners: Ramping to 1 users at a rate of 1.00 per second
[2026-07-30 03:07:47,506] 64a6028ee20c/INFO/locust.runners: All users spawned: {"VLMUser": 1} (1 total users)
[2026-07-30 03:09:11,545] 64a6028ee20c/INFO/locust.runners: Shape test updating to 2 users at 2.00 spawn rate
[2026-07-30 03:09:11,545] 64a6028ee20c/INFO/locust.runners: Ramping to 2 users at a rate of 2.00 per second
[2026-07-30 03:09:11,546] 64a6028ee20c/INFO/locust.runners: All users spawned: {"VLMUser": 2} (2 total users)
[2026-07-30 03:10:41,766] 64a6028ee20c/INFO/locust.runners: Shape test updating to 4 users at 4.00 spawn rate
[2026-07-30 03:10:41,766] 64a6028ee20c/INFO/locust.runners: Ramping to 4 users at a rate of 4.00 per second
[2026-07-30 03:10:41,767] 64a6028ee20c/INFO/locust.runners: All users spawned: {"VLMUser": 4} (4 total users)
[2026-07-30 03:12:12,006] 64a6028ee20c/INFO/locust.runners: Shape test updating to 8 users at 8.00 spawn rate
[2026-07-30 03:12:12,006] 64a6028ee20c/INFO/locust.runners: Ramping to 8 users at a rate of 8.00 per second
[2026-07-30 03:12:12,007] 64a6028ee20c/INFO/locust.runners: All users spawned: {"VLMUser": 8} (8 total users)
[2026-07-30 03:13:42,281] 64a6028ee20c/INFO/locust.runners: Shape test updating to 12 users at 12.00 spawn rate
[2026-07-30 03:13:42,281] 64a6028ee20c/INFO/locust.runners: Ramping to 12 users at a rate of 12.00 per second
[2026-07-30 03:13:42,282] 64a6028ee20c/INFO/locust.runners: All users spawned: {"VLMUser": 12} (12 total users)
[2026-07-30 03:15:11,570] 64a6028ee20c/INFO/locust.runners: Shape test updating to 16 users at 16.00 spawn rate
[2026-07-30 03:15:11,570] 64a6028ee20c/INFO/locust.runners: Ramping to 16 users at a rate of 16.00 per second
[2026-07-30 03:15:11,570] 64a6028ee20c/INFO/locust.runners: All users spawned: {"VLMUser": 16} (16 total users)
[2026-07-30 03:16:41,889] 64a6028ee20c/INFO/locust.runners: Shape test updating to 24 users at 24.00 spawn rate
[2026-07-30 03:16:41,890] 64a6028ee20c/INFO/locust.runners: Ramping to 24 users at a rate of 24.00 per second
[2026-07-30 03:16:41,890] 64a6028ee20c/INFO/locust.runners: All users spawned: {"VLMUser": 24} (24 total users)
[2026-07-30 03:18:12,224] 64a6028ee20c/INFO/locust.runners: Shape test updating to 32 users at 32.00 spawn rate
[2026-07-30 03:18:12,224] 64a6028ee20c/INFO/locust.runners: Ramping to 32 users at a rate of 32.00 per second
[2026-07-30 03:18:12,225] 64a6028ee20c/INFO/locust.runners: All users spawned: {"VLMUser": 32} (32 total users)
[2026-07-30 03:19:41,557] 64a6028ee20c/INFO/locust.runners: Shape test stopping
[2026-07-30 03:19:41,585] 64a6028ee20c/INFO/locust.main: --run-time limit reached, stopping test
[2026-07-30 03:19:41,585] 64a6028ee20c/INFO/locust.main: --autoquit not specified, leaving web ui running indefinitely
[2026-07-30 03:19:41,585] 64a6028ee20c/INFO/locust.main: Run time limit set to 840 seconds
[2026-07-30 03:33:41,586] 64a6028ee20c/INFO/locust.main: --run-time limit reached, stopping test
[2026-07-30 03:33:41,586] 64a6028ee20c/INFO/locust.main: --autoquit not specified, leaving web ui running indefinitely
